app/page.tsx(175,15): error TS2322: Type 'CustomTagData[]' is not assignable to type 'string[]'.
  Type 'CustomTagData' is not assignable to type 'string'.
app/page.tsx(176,15): error TS2322: Type 'CustomTagData[]' is not assignable to type 'string[]'.
  Type 'CustomTagData' is not assignable to type 'string'.
app/page.tsx(177,15): error TS2322: Type 'CustomTagData[]' is not assignable to type 'string[]'.
  Type 'CustomTagData' is not assignable to type 'string'.
components/battle/turns-resolver/battle-effects/effect-selection.tsx(24,7): error TS2741: Property 'others' is missing in type '{ "hp-change": string; "status-change": string; "stats-modifier": string; }' but required in type 'Record<EffectType, string>'.
components/pokemons/teams-view.tsx(94,9): error TS2322: Type 'string[]' is not assignable to type 'CustomTagData[]'.
  Type 'string' is not assignable to type 'CustomTagData'.
components/pokemons/teams-view.tsx(95,9): error TS2322: Type 'string[]' is not assignable to type 'CustomTagData[]'.
  Type 'string' is not assignable to type 'CustomTagData'.
components/pokemons/teams-view.tsx(96,9): error TS2322: Type 'string[]' is not assignable to type 'CustomTagData[]'.
  Type 'string' is not assignable to type 'CustomTagData'.
components/pokemons/teams-view.tsx(97,9): error TS2322: Type '(tags: string[]) => void' is not assignable to type '(tags: CustomTagData[]) => void'.
  Types of parameters 'tags' and 'tags' are incompatible.
    Type 'CustomTagData[]' is not assignable to type 'string[]'.
      Type 'CustomTagData' is not assignable to type 'string'.
components/pokemons/teams-view.tsx(98,9): error TS2322: Type '(tags: string[]) => void' is not assignable to type '(tags: CustomTagData[]) => void'.
  Types of parameters 'tags' and 'tags' are incompatible.
    Type 'CustomTagData[]' is not assignable to type 'string[]'.
      Type 'CustomTagData' is not assignable to type 'string'.
components/pokemons/teams-view.tsx(99,9): error TS2322: Type '(tags: string[]) => void' is not assignable to type '(tags: CustomTagData[]) => void'.
  Types of parameters 'tags' and 'tags' are incompatible.
    Type 'CustomTagData[]' is not assignable to type 'string[]'.
      Type 'CustomTagData' is not assignable to type 'string'.
